2026-07-18 21:48:03,696 [INFO] NLTK punkt доступен: True | chardet доступен: True
2026-07-18 21:48:03,697 [INFO] Автор ArthurConanDoyle     -> 16 файлов
2026-07-18 21:48:03,697 [INFO]   Обработка: Book_1.txt
2026-07-18 21:48:04,106 [INFO]   Обработка: Book_10.txt
2026-07-18 21:48:04,311 [INFO]   Обработка: Book_11.txt
2026-07-18 21:48:04,509 [INFO]   Обработка: Book_12.txt
2026-07-18 21:48:04,758 [INFO]   Обработка: Book_13.txt
2026-07-18 21:48:05,047 [INFO]   Обработка: Book_14.txt
2026-07-18 21:48:05,344 [INFO]   Обработка: Book_15.txt
2026-07-18 21:48:05,477 [INFO]   Обработка: Book_16.txt
2026-07-18 21:48:05,808 [INFO]   Обработка: Book_2.txt
2026-07-18 21:48:06,005 [INFO]   Обработка: Book_3.txt
2026-07-18 21:48:06,152 [INFO]   Обработка: Book_4.txt
2026-07-18 21:48:06,330 [INFO]   Обработка: Book_5.txt
2026-07-18 21:48:06,455 [INFO]   Обработка: Book_6.txt
2026-07-18 21:48:06,656 [INFO]   Обработка: Book_7.txt
2026-07-18 21:48:06,841 [INFO]   Обработка: Book_8.txt
2026-07-18 21:48:07,006 [INFO]   Обработка: Book_9.txt
2026-07-18 21:48:07,295 [INFO] Автор EdgarAllanPoe        -> 7 файлов
2026-07-18 21:48:07,295 [INFO]   Обработка: Book_1.txt
2026-07-18 21:48:07,696 [INFO]   Обработка: Book_2.txt
2026-07-18 21:48:07,901 [INFO]   Обработка: Book_3.txt
2026-07-18 21:48:08,150 [INFO]   Обработка: Book_4.txt
2026-07-18 21:48:08,338 [INFO]   Обработка: Book_5.txt
2026-07-18 21:48:08,470 [INFO]   Обработка: Book_6.txt
2026-07-18 21:48:08,651 [INFO]   Обработка: Book_7.txt
2026-07-18 21:48:08,686 [INFO] Автор H.G.Wells            -> 16 файлов
2026-07-18 21:48:08,686 [INFO]   Обработка: Book_1.txt
2026-07-18 21:48:08,877 [INFO]   Обработка: Book_10.txt
2026-07-18 21:48:09,055 [INFO]   Обработка: Book_11.txt
2026-07-18 21:48:09,349 [INFO]   Обработка: Book_12.txt
2026-07-18 21:48:09,632 [INFO]   Обработка: Book_13.txt
2026-07-18 21:48:09,884 [INFO]   Обработка: Book_14.txt
2026-07-18 21:48:10,293 [INFO]   Обработка: Book_15.txt
2026-07-18 21:48:10,419 [INFO]   Обработка: Book_16.txt
2026-07-18 21:48:10,610 [INFO]   Обработка: Book_17.txt
2026-07-18 21:48:10,636 [INFO]   Обработка: Book_2.txt
2026-07-18 21:48:10,824 [INFO]   Обработка: Book_3.txt
2026-07-18 21:48:11,089 [INFO]   Обработка: Book_4.txt
2026-07-18 21:48:11,185 [INFO]   Обработка: Book_5.txt
2026-07-18 21:48:11,486 [INFO]   Обработка: Book_6.txt
2026-07-18 21:48:11,669 [INFO]   Обработка: Book_7.txt
2026-07-18 21:48:12,032 [INFO]   Обработка: Book_9.txt
2026-07-18 21:48:12,153 [INFO] Автор JackLondon           -> 15 файлов
2026-07-18 21:48:12,153 [INFO]   Обработка: Book_1.txt
2026-07-18 21:48:12,558 [INFO]   Обработка: Book_10.txt
2026-07-18 21:48:12,864 [INFO]   Обработка: Book_11.txt
2026-07-18 21:48:13,105 [INFO]   Обработка: Book_12.txt
2026-07-18 21:48:13,519 [INFO]   Обработка: Book_13.txt
2026-07-18 21:48:13,690 [INFO]   Обработка: Book_14.txt
2026-07-18 21:48:13,786 [INFO]   Обработка: Book_15.txt
2026-07-18 21:48:13,854 [INFO]   Обработка: Book_2.txt
2026-07-18 21:48:14,014 [INFO]   Обработка: Book_3.txt
2026-07-18 21:48:14,132 [INFO]   Обработка: Book_4.txt
2026-07-18 21:48:14,241 [INFO]   Обработка: Book_5.txt
2026-07-18 21:48:14,349 [INFO]   Обработка: Book_6.txt
2026-07-18 21:48:14,367 [WARNING]     [JackLondon/Book_6] Очень короткий текст после очистки (897 слов) - проверьте, не срезано ли слишком много служебных данных.
2026-07-18 21:48:14,368 [INFO]   Обработка: Book_7.txt
2026-07-18 21:48:14,504 [INFO]   Обработка: Book_8.txt
2026-07-18 21:48:14,699 [INFO]   Обработка: Book_9.txt
2026-07-18 21:48:14,980 [INFO] Автор MarkTwain            -> 7 файлов
2026-07-18 21:48:14,980 [INFO]   Обработка: Book_1.txt
2026-07-18 21:48:15,449 [INFO]   Обработка: Book_2.txt
2026-07-18 21:48:15,909 [INFO]   Обработка: Book_3.txt
2026-07-18 21:48:16,024 [INFO]   Обработка: Book_4.txt
2026-07-18 21:48:16,273 [INFO]   Обработка: Book_5.txt
2026-07-18 21:48:16,466 [INFO]   Обработка: Book_6.txt
2026-07-18 21:48:16,753 [INFO]   Обработка: Book_7.txt
2026-07-18 21:48:18,288 [INFO] ======================================================================
2026-07-18 21:48:18,288 [INFO] ГОТОВО. Книг обработано: 61 | Чанков создано: 2970
2026-07-18 21:48:18,288 [INFO]   ArthurConanDoyle     : 751 чанков
2026-07-18 21:48:18,288 [INFO]   EdgarAllanPoe        : 257 чанков
2026-07-18 21:48:18,288 [INFO]   H.G.Wells            : 776 чанков
2026-07-18 21:48:18,288 [INFO]   JackLondon           : 655 чанков
2026-07-18 21:48:18,289 [INFO]   MarkTwain            : 531 чанков
2026-07-18 21:48:18,289 [INFO] Датасет: C:\Users\Tair\Desktop\Shyndyq\data_processed\dataset.jsonl
2026-07-18 21:48:18,289 [INFO] Отчёт о качестве: C:\Users\Tair\Desktop\Shyndyq\data_processed\quality_report.json
2026-07-18 21:48:18,289 [INFO] Отчёт о дублях:    C:\Users\Tair\Desktop\Shyndyq\data_processed\duplicates_report.json
